<html>
<body>
<pre>
<h1>礦ision Build Log</h1>
<h2>Tool Versions:</h2>
IDE-Version: μVision V5.14.0.0
Copyright (C) 2015 ARM Ltd and ARM Germany GmbH. All rights reserved.
License Information: 1 1, 1, LIC=FQQGK-Z0L0F-PGS7L-0T8UT-7LG2Z-JGCWN
 
Tool Versions:
Toolchain:       MDK-ARM Professional  Version: 5.14.0.0
Toolchain Path:  C:\Keil_v5\ARM\ARMCC\Bin
C Compiler:      Armcc.exe V5.05 update 1 (build 106)
Assembler:       Armasm.exe V5.05 update 1 (build 106)
Linker/Locator:  ArmLink.exe V5.05 update 1 (build 106)
Library Manager: ArmAr.exe V5.05 update 1 (build 106)
Hex Converter:   FromElf.exe V5.05 update 1 (build 106)
CPU DLL:         SARMCM3.DLL V5.14.0.0
Dialog DLL:      DCM.DLL V1.13.1.0
Target DLL:      STLink\ST-LINKIII-KEIL_SWO.dll V2.0.14.0_KEIL
Dialog DLL:      TCM.DLL V1.14.4.0
 
<h2>Project:</h2>
C:\Users\C615\Desktop\超声波测距模块720\Project\RVMDK（uv4）\iSO-STM32.uvprojx
Project File Date:  07/22/2019

<h2>Output:</h2>
Rebuild target 'USART1（polling）'
assembling startup_stm32f10x_hd.s...
compiling core_cm3.c...
compiling system_stm32f10x.c...
compiling misc.c...
compiling stm32f10x_adc.c...
compiling stm32f10x_bkp.c...
compiling stm32f10x_can.c...
compiling stm32f10x_cec.c...
compiling stm32f10x_crc.c...
compiling stm32f10x_dac.c...
compiling stm32f10x_dbgmcu.c...
compiling stm32f10x_dma.c...
compiling stm32f10x_exti.c...
compiling stm32f10x_flash.c...
compiling stm32f10x_fsmc.c...
compiling stm32f10x_gpio.c...
compiling stm32f10x_i2c.c...
compiling stm32f10x_iwdg.c...
compiling stm32f10x_pwr.c...
compiling stm32f10x_rcc.c...
compiling stm32f10x_rtc.c...
compiling stm32f10x_sdio.c...
compiling stm32f10x_spi.c...
compiling stm32f10x_tim.c...
compiling stm32f10x_usart.c...
compiling stm32f10x_wwdg.c...
compiling main.c...
..\..\User\length\bsp_length.h(8): warning:  #1295-D: Deprecated declaration Distance_Config - give arg types
  void Distance_Config();    //测距用到的引脚初始化
..\..\User\tick\bsp_tick.h(9): warning:  #1295-D: Deprecated declaration Tim3_Config - give arg types
  void Tim3_Config();  //配置定时器TIM3
..\..\User\tick\bsp_tick.h(10): warning:  #1295-D: Deprecated declaration NVIC_Configuration - give arg types
  static void NVIC_Configuration();  //配置定时器中断，当计数时间到时触发中断
..\..\User\beep.h(6): warning:  #1-D: last line of file ends without a newline
  #endif
..\..\User\main.c(40): warning:  #177-D: variable "a" was declared but never referenced
         int a=0;
..\..\User\main.c(42): warning:  #177-D: variable "len" was declared but never referenced
         u8 len;        
..\..\User\main.c(43): warning:  #177-D: variable "times" was declared but never referenced
         u16 times=0; 
..\..\User\main.c(44): warning:  #177-D: variable "x" was declared but never referenced
     u8 x=0;
..\..\User\main.c(45): warning:  #177-D: variable "adcx" was declared but never referenced
     u16 adcx;
..\..\User\main.c(46): warning:  #177-D: variable "temp" was declared but never referenced
         float temp;     
..\..\User\main.c(55): warning:  #177-D: variable "distancebuf" was declared but never referenced
          float distancebuf[]={0};
..\..\User\main.c(56): warning:  #177-D: variable "c" was declared but never referenced
                 char c[5];
..\..\User\main.c(196): warning:  #1-D: last line of file ends without a newline
  /*********************************************END OF FILE**********************/
..\..\User\main.c: 13 warnings, 0 errors
compiling stm32f10x_it.c...
compiling bsp_usart1.c...
compiling bsp_length.c...
..\..\User\length\bsp_length.h(8): warning:  #1295-D: Deprecated declaration Distance_Config - give arg types
  void Distance_Config();    //测距用到的引脚初始化
..\..\User\length\bsp_length.c(22): warning:  #1-D: last line of file ends without a newline
  }
..\..\User\length\bsp_length.c: 2 warnings, 0 errors
compiling bsp_tick.c...
..\..\User\tick\bsp_tick.h(9): warning:  #1295-D: Deprecated declaration Tim3_Config - give arg types
  void Tim3_Config();  //配置定时器TIM3
..\..\User\tick\bsp_tick.h(10): warning:  #1295-D: Deprecated declaration NVIC_Configuration - give arg types
  static void NVIC_Configuration();  //配置定时器中断，当计数时间到时触发中断
..\..\User\tick\bsp_tick.c(37): warning:  #1-D: last line of file ends without a newline
  }
..\..\User\tick\bsp_tick.c: 3 warnings, 0 errors
compiling led.c...
compiling sys.c...
compiling delay.c...
compiling usart.c...
compiling lcd.c...
compiling key.c...
compiling beep.c...
..\..\User\beep.h(6): warning:  #1-D: last line of file ends without a newline
  #endif
..\..\User\beep.c(9): warning:  #1-D: last line of file ends without a newline
  }
..\..\User\beep.c: 2 warnings, 0 errors
compiling dht11.c...
linking...
Program Size: Code=35966 RO-data=6418 RW-data=56 ZI-data=1240  
FromELF: creating hex file...
"..\..\Output\Template.axf" - 0 Error(s), 20 Warning(s).

<h2>Collection of Component include folders:</h2>
  C:\Users\C615\Desktop\超声波测距模块720\Project\RVMDK（uv4）\RTE
  C:\Keil_v5\ARM\PACK\Keil\STM32F1xx_DFP\1.0.5\Device\Include

<h2>Collection of Component Files used:</h2>
</pre>
</body>
</html>
